Component: ARM Compiler 5.06 update 6 (build 750) Tool: armlink [4d35ed]

==============================================================================

Section Cross References

    main.o(i.PIT_IRQHandler) refers to main.o(i.ler_valor_adc) for ler_valor_adc
    main.o(i.PIT_IRQHandler) refers to main.o(i.escrever_status) for escrever_status
    main.o(i.PIT_IRQHandler) refers to f2d.o(.text) for __aeabi_f2d
    main.o(i.PIT_IRQHandler) refers to dmul.o(.text) for __aeabi_dmul
    main.o(i.PIT_IRQHandler) refers to daddsub.o(.text) for __aeabi_dsub
    main.o(i.PIT_IRQHandler) refers to d2f.o(.text) for __aeabi_d2f
    main.o(i.PIT_IRQHandler) refers to faddsub.o(x$fpl$fadd) for __aeabi_fadd
    main.o(i.PIT_IRQHandler) refers to fflti.o(.text) for __aeabi_i2f
    main.o(i.PIT_IRQHandler) refers to fmul.o(x$fpl$fmul) for __aeabi_fmul
    main.o(i.PIT_IRQHandler) refers to main.o(i.seta_valor_dac) for seta_valor_dac
    main.o(i.PIT_IRQHandler) refers to main.o(.data) for temperatura
    main.o(i.PIT_IRQHandler) refers to main.o(.bss) for erros_anteriores
    main.o(i.aguardando_senha) refers to main.o(i.escrita_valor) for escrita_valor
    main.o(i.aguardando_senha) refers to main.o(i.testa_teclado) for testa_teclado
    main.o(i.aguardando_senha) refers to main.o(i.testa_senha) for testa_senha
    main.o(i.aguardando_senha) refers to main.o(i.limpar_display) for limpar_display
    main.o(i.aguardando_senha) refers to main.o(i.escrita_texto) for escrita_texto
    main.o(i.aguardando_senha) refers to main.o(.data) for estado
    main.o(i.aguardando_usuario) refers to main.o(i.escrita_valor) for escrita_valor
    main.o(i.aguardando_usuario) refers to main.o(i.testa_teclado) for testa_teclado
    main.o(i.aguardando_usuario) refers to main.o(i.testa_usuario) for testa_usuario
    main.o(i.aguardando_usuario) refers to main.o(i.limpar_display) for limpar_display
    main.o(i.aguardando_usuario) refers to main.o(i.escrita_texto) for escrita_texto
    main.o(i.aguardando_usuario) refers to main.o(.data) for estado
    main.o(i.escrever_status) refers to main.o(i.limpar_display) for limpar_display
    main.o(i.escrever_status) refers to main.o(i.escrita_texto) for escrita_texto
    main.o(i.escrever_status) refers to main.o(i.escrita_comando) for escrita_comando
    main.o(i.escrita_ao_leite) refers to main.o(i.escrita_texto) for escrita_texto
    main.o(i.escrita_ao_leite) refers to aeabi_sdiv.o(.text) for __aeabi_idivmod
    main.o(i.escrita_ao_leite) refers to main.o(i.escrita_valor) for escrita_valor
    main.o(i.escrita_ao_leite) refers to main.o(.data) for qtd_ao_leite
    main.o(i.escrita_comando) refers to main.o(i.atraso_40us_lcd) for atraso_40us_lcd
    main.o(i.escrita_meio_amargo) refers to main.o(i.escrita_texto) for escrita_texto
    main.o(i.escrita_meio_amargo) refers to aeabi_sdiv.o(.text) for __aeabi_idivmod
    main.o(i.escrita_meio_amargo) refers to main.o(i.escrita_valor) for escrita_valor
    main.o(i.escrita_meio_amargo) refers to main.o(.data) for qtd_meio_amargo
    main.o(i.escrita_texto) refers to main.o(i.escrita_valor) for escrita_valor
    main.o(i.escrita_texto) refers to main.o(i.atraso_40us_lcd) for atraso_40us_lcd
    main.o(i.escrita_valor) refers to main.o(i.atraso_40us_lcd) for atraso_40us_lcd
    main.o(i.fim_de_producao) refers to main.o(i.escrita_ao_leite) for escrita_ao_leite
    main.o(i.fim_de_producao) refers to main.o(i.nova_linha) for nova_linha
    main.o(i.fim_de_producao) refers to main.o(i.escrita_meio_amargo) for escrita_meio_amargo
    main.o(i.fim_de_producao) refers to main.o(i.parar_producao) for parar_producao
    main.o(i.fim_de_producao) refers to main.o(.data) for estado
    main.o(i.iniciar_producao) refers to main.o(i.escrita_texto) for escrita_texto
    main.o(i.iniciar_producao) refers to main.o(.data) for estado_producao
    main.o(i.init_lcd) refers to main.o(i.lcd_config) for lcd_config
    main.o(i.init_sinais) refers to main.o(i.seta_valvula) for seta_valvula
    main.o(i.init_sinais) refers to main.o(i.seta_esteira) for seta_esteira
    main.o(i.init_sinais) refers to main.o(i.seta_pistao_saida) for seta_pistao_saida
    main.o(i.init_sinais) refers to main.o(.data) for produto_alvo
    main.o(i.init_sinais) refers to main.o(.bss) for erros_anteriores
    main.o(i.lcd_config) refers to main.o(i.escrita_comando) for escrita_comando
    main.o(i.lcd_config) refers to main.o(i.atraso_1650us) for atraso_1650us
    main.o(i.ler_valor_adc) refers to dflti.o(.text) for __aeabi_ui2d
    main.o(i.ler_valor_adc) refers to dmul.o(.text) for __aeabi_dmul
    main.o(i.ler_valor_adc) refers to ddiv.o(.text) for __aeabi_ddiv
    main.o(i.ler_valor_adc) refers to d2f.o(.text) for __aeabi_d2f
    main.o(i.limpar_display) refers to main.o(i.escrita_comando) for escrita_comando
    main.o(i.limpar_display) refers to main.o(i.atraso_1650us) for atraso_1650us
    main.o(i.main) refers to main.o(i.init_portas) for init_portas
    main.o(i.main) refers to main.o(i.init_pit) for init_pit
    main.o(i.main) refers to main.o(i.init_lcd) for init_lcd
    main.o(i.main) refers to main.o(i.init_sinais) for init_sinais
    main.o(i.main) refers to main.o(i.testa_teclado) for testa_teclado
    main.o(i.main) refers to main.o(i.processa_acao) for processa_acao
    main.o(i.main) refers to main.o(.data) for estado
    main.o(i.nova_linha) refers to main.o(i.escrita_comando) for escrita_comando
    main.o(i.parada_de_emergencia) refers to main.o(i.escrita_texto) for escrita_texto
    main.o(i.parada_de_emergencia) refers to main.o(i.nova_linha) for nova_linha
    main.o(i.parada_de_emergencia) refers to main.o(.data) for estado
    main.o(i.parar_producao) refers to main.o(i.escrita_texto) for escrita_texto
    main.o(i.parar_producao) refers to main.o(.data) for estado_producao
    main.o(i.processa_acao) refers to main.o(i.limpar_display) for limpar_display
    main.o(i.processa_acao) refers to main.o(i.parada_de_emergencia) for parada_de_emergencia
    main.o(i.processa_acao) refers to main.o(i.aguardando_usuario) for aguardando_usuario
    main.o(i.processa_acao) refers to main.o(i.aguardando_senha) for aguardando_senha
    main.o(i.processa_acao) refers to main.o(i.escrita_texto) for escrita_texto
    main.o(i.processa_acao) refers to main.o(i.fim_de_producao) for fim_de_producao
    main.o(i.processa_acao) refers to main.o(i.troca_tipo_chocolate) for troca_tipo_chocolate
    main.o(i.processa_acao) refers to main.o(i.iniciar_producao) for iniciar_producao
    main.o(i.processa_acao) refers to main.o(i.parar_producao) for parar_producao
    main.o(i.processa_acao) refers to main.o(.data) for estado
    main.o(i.seta_esteira) refers to main.o(.data) for status_esteira
    main.o(i.seta_pistao_saida) refers to main.o(.data) for status_pistao
    main.o(i.seta_valor_dac) refers to flef.o(x$fpl$fleqf) for __aeabi_cfcmple
    main.o(i.seta_valor_dac) refers to f2d.o(.text) for __aeabi_f2d
    main.o(i.seta_valor_dac) refers to drlef.o(x$fpl$drleqf) for __aeabi_cdrcmple
    main.o(i.seta_valor_dac) refers to dmul.o(.text) for __aeabi_dmul
    main.o(i.seta_valor_dac) refers to dfixi.o(.text) for __aeabi_d2iz
    main.o(i.seta_valvula) refers to main.o(.data) for status_valvula
    main.o(i.testa_teclado) refers to main.o(i.testa_debounce) for testa_debounce
    main.o(i.testa_teclado) refers to main.o(i.atraso_40us_lcd) for atraso_40us_lcd
    main.o(i.testa_teclado) refers to main.o(.data) for dataTeclado
    startup_mkl25z4.o(STACK) refers (Special) to heapauxi.o(.text) for __use_two_region_memory
    startup_mkl25z4.o(HEAP) refers (Special) to heapauxi.o(.text) for __use_two_region_memory
    startup_mkl25z4.o(RESET) refers (Special) to heapauxi.o(.text) for __use_two_region_memory
    startup_mkl25z4.o(RESET) refers to startup_mkl25z4.o(STACK) for __initial_sp
    startup_mkl25z4.o(RESET) refers to startup_mkl25z4.o(.text) for Reset_Handler
    startup_mkl25z4.o(RESET) refers to main.o(i.PIT_IRQHandler) for PIT_IRQHandler
    startup_mkl25z4.o(.ARM.__at_0x400) refers (Special) to heapauxi.o(.text) for __use_two_region_memory
    startup_mkl25z4.o(.text) refers (Special) to heapauxi.o(.text) for __use_two_region_memory
    startup_mkl25z4.o(.text) refers to system_mkl25z4.o(i.SystemInit) for SystemInit
    startup_mkl25z4.o(.text) refers to __main.o(!!!main) for __main
    startup_mkl25z4.o(.text) refers to startup_mkl25z4.o(HEAP) for Heap_Mem
    startup_mkl25z4.o(.text) refers to startup_mkl25z4.o(STACK) for Stack_Mem
    system_mkl25z4.o(i.SystemCoreClockUpdate) refers to aeabi_sdiv.o(.text) for __aeabi_uidivmod
    system_mkl25z4.o(i.SystemCoreClockUpdate) refers to system_mkl25z4.o(i.__ARM_common_switch8) for __ARM_common_switch8
    system_mkl25z4.o(i.SystemCoreClockUpdate) refers to system_mkl25z4.o(.data) for SystemCoreClock
    __main.o(!!!main) refers to __rtentry.o(.ARM.Collect$$rtentry$$00000000) for __rt_entry
    d2f.o(.text) refers (Special) to usenofp.o(x$fpl$usenofp) for __I$use$fp
    daddsub.o(.text) refers (Special) to usenofp.o(x$fpl$usenofp) for __I$use$fp
    ddiv.o(.text) refers (Special) to usenofp.o(x$fpl$usenofp) for __I$use$fp
    ddiv.o(.text) refers to ddiv.o(.constdata) for .constdata
    ddiv.o(.constdata) refers (Special) to usenofp.o(x$fpl$usenofp) for __I$use$fp
    dfixi.o(.text) refers (Special) to usenofp.o(x$fpl$usenofp) for __I$use$fp
    dflti.o(.text) refers (Special) to usenofp.o(x$fpl$usenofp) for __I$use$fp
    dmul.o(.text) refers (Special) to usenofp.o(x$fpl$usenofp) for __I$use$fp
    drlef.o(x$fpl$drleqf) refers (Special) to usenofp.o(x$fpl$usenofp) for __I$use$fp
    drlef.o(x$fpl$drleqf) refers to dcmpin.o(.text) for __fpl_dcmp_InfNaN
    f2d.o(.text) refers (Special) to usenofp.o(x$fpl$usenofp) for __I$use$fp
    faddsub.o(x$fpl$fadd) refers (Special) to usenofp.o(x$fpl$usenofp) for __I$use$fp
    faddsub.o(x$fpl$fadd) refers to faddsub.o(x$fpl$fsub) for _fsub1
    faddsub.o(x$fpl$frsb) refers (Special) to usenofp.o(x$fpl$usenofp) for __I$use$fp
    faddsub.o(x$fpl$frsb) refers to faddsub.o(x$fpl$fsub) for _fsub1
    faddsub.o(x$fpl$frsb) refers to faddsub.o(x$fpl$fadd) for _fadd1
    faddsub.o(x$fpl$fsub) refers (Special) to usenofp.o(x$fpl$usenofp) for __I$use$fp
    faddsub.o(x$fpl$fsub) refers to faddsub.o(x$fpl$fadd) for _fadd1
    fflti.o(.text) refers (Special) to usenofp.o(x$fpl$usenofp) for __I$use$fp
    flef.o(x$fpl$fleqf) refers (Special) to usenofp.o(x$fpl$usenofp) for __I$use$fp
    flef.o(x$fpl$fleqf) refers to fcmpin.o(.text) for __fpl_fcmp_InfNaN
    fmul.o(x$fpl$fmul) refers (Special) to usenofp.o(x$fpl$usenofp) for __I$use$fp
    __rtentry.o(.ARM.Collect$$rtentry$$00000000) refers (Special) to __rtentry2.o(.ARM.Collect$$rtentry$$0000000A) for __rt_entry_li
    __rtentry.o(.ARM.Collect$$rtentry$$00000000) refers (Special) to __rtentry2.o(.ARM.Collect$$rtentry$$0000000D) for __rt_entry_main
    __rtentry.o(.ARM.Collect$$rtentry$$00000000) refers (Special) to __rtentry2.o(.ARM.Collect$$rtentry$$0000000C) for __rt_entry_postli_1
    __rtentry.o(.ARM.Collect$$rtentry$$00000000) refers (Special) to __rtentry2.o(.ARM.Collect$$rtentry$$00000009) for __rt_entry_postsh_1
    __rtentry.o(.ARM.Collect$$rtentry$$00000000) refers (Special) to __rtentry2.o(.ARM.Collect$$rtentry$$00000002) for __rt_entry_presh_1
    __rtentry.o(.ARM.Collect$$rtentry$$00000000) refers (Special) to __rtentry4.o(.ARM.Collect$$rtentry$$00000004) for __rt_entry_sh
    aeabi_idiv0_sigfpe.o(.text) refers to rt_div0.o(.text) for __rt_div0
    dcmpin.o(.text) refers (Special) to usenofp.o(x$fpl$usenofp) for __I$use$fp
    dcmpin.o(.text) refers to cmpret.o(.text) for __fpl_cmpreturn
    dcmpin.o(.text) refers to dnan2.o(.text) for __fpl_dcheck_NaN2
    fcmpin.o(.text) refers (Special) to usenofp.o(x$fpl$usenofp) for __I$use$fp
    fcmpin.o(.text) refers to cmpret.o(.text) for __fpl_cmpreturn
    fcmpin.o(.text) refers to fnan2.o(.text) for __fpl_fcheck_NaN2
    __rtentry2.o(.ARM.Collect$$rtentry$$00000008) refers to boardinit2.o(.text) for _platform_post_stackheap_init
    __rtentry2.o(.ARM.Collect$$rtentry$$0000000A) refers to libinit.o(.ARM.Collect$$libinit$$00000000) for __rt_lib_init
    __rtentry2.o(.ARM.Collect$$rtentry$$0000000B) refers to boardinit3.o(.text) for _platform_post_lib_init
    __rtentry2.o(.ARM.Collect$$rtentry$$0000000D) refers to main.o(i.main) for main
    __rtentry2.o(.ARM.Collect$$rtentry$$0000000D) refers to exit.o(.text) for exit
    __rtentry2.o(.ARM.exidx) refers to __rtentry2.o(.ARM.Collect$$rtentry$$00000001) for .ARM.Collect$$rtentry$$00000001
    __rtentry2.o(.ARM.exidx) refers to __rtentry2.o(.ARM.Collect$$rtentry$$00000008) for .ARM.Collect$$rtentry$$00000008
    __rtentry2.o(.ARM.exidx) refers to __rtentry2.o(.ARM.Collect$$rtentry$$0000000A) for .ARM.Collect$$rtentry$$0000000A
    __rtentry2.o(.ARM.exidx) refers to __rtentry2.o(.ARM.Collect$$rtentry$$0000000B) for .ARM.Collect$$rtentry$$0000000B
    __rtentry2.o(.ARM.exidx) refers to __rtentry2.o(.ARM.Collect$$rtentry$$0000000D) for .ARM.Collect$$rtentry$$0000000D
    __rtentry4.o(.ARM.Collect$$rtentry$$00000004) refers to sys_stackheap_outer.o(.text) for __user_setup_stackheap
    __rtentry4.o(.ARM.exidx) refers to __rtentry4.o(.ARM.Collect$$rtentry$$00000004) for .ARM.Collect$$rtentry$$00000004
    rt_div0.o(.text) refers to defsig_fpe_outer.o(.text) for __rt_SIGFPE
    cmpret.o(.text) refers (Special) to usenofp.o(x$fpl$usenofp) for __I$use$fp
    dnan2.o(.text) refers (Special) to usenofp.o(x$fpl$usenofp) for __I$use$fp
    dnan2.o(.text) refers to retnan.o(.text) for __fpl_return_NaN
    fnan2.o(.text) refers (Special) to usenofp.o(x$fpl$usenofp) for __I$use$fp
    fnan2.o(.text) refers to retnan.o(.text) for __fpl_return_NaN
    sys_stackheap_outer.o(.text) refers to libspace.o(.text) for __user_perproc_libspace
    sys_stackheap_outer.o(.text) refers to startup_mkl25z4.o(.text) for __user_initial_stackheap
    sys_stackheap_outer.o(__vectab_stack_and_reset_area) refers to tempstk.o(.text) for __temporary_stack_top
    sys_stackheap_outer.o(__vectab_stack_and_reset_area) refers to __main.o(!!!main) for __main
    exit.o(.text) refers to rtexit.o(.ARM.Collect$$rtexit$$00000000) for __rt_exit
    defsig_fpe_outer.o(.text) refers to defsig_fpe_inner.o(.text) for __rt_SIGFPE_inner
    defsig_fpe_outer.o(.text) refers to defsig_exit.o(.text) for __sig_exit
    defsig_fpe_formal.o(.text) refers to rt_raise.o(.text) for __rt_raise
    libinit.o(.ARM.Collect$$libinit$$00000000) refers (Special) to libinit2.o(.ARM.Collect$$libinit$$0000002E) for __rt_lib_init_alloca_1
    libinit.o(.ARM.Collect$$libinit$$00000000) refers (Special) to libinit2.o(.ARM.Collect$$libinit$$0000002C) for __rt_lib_init_argv_1
    libinit.o(.ARM.Collect$$libinit$$00000000) refers (Special) to libinit2.o(.ARM.Collect$$libinit$$0000001B) for __rt_lib_init_atexit_1
    libinit.o(.ARM.Collect$$libinit$$00000000) refers (Special) to libinit2.o(.ARM.Collect$$libinit$$00000021) for __rt_lib_init_clock_1
    libinit.o(.ARM.Collect$$libinit$$00000000) refers (Special) to libinit2.o(.ARM.Collect$$libinit$$00000032) for __rt_lib_init_cpp_1
    libinit.o(.ARM.Collect$$libinit$$00000000) refers (Special) to libinit2.o(.ARM.Collect$$libinit$$00000030) for __rt_lib_init_exceptions_1
    libinit.o(.ARM.Collect$$libinit$$00000000) refers (Special) to libinit2.o(.ARM.Collect$$libinit$$00000002) for __rt_lib_init_fp_1
    libinit.o(.ARM.Collect$$libinit$$00000000) refers (Special) to libinit2.o(.ARM.Collect$$libinit$$0000001F) for __rt_lib_init_fp_trap_1
    libinit.o(.ARM.Collect$$libinit$$00000000) refers (Special) to libinit2.o(.ARM.Collect$$libinit$$00000023) for __rt_lib_init_getenv_1
    libinit.o(.ARM.Collect$$libinit$$00000000) refers (Special) to libinit2.o(.ARM.Collect$$libinit$$0000000A) for __rt_lib_init_heap_1
    libinit.o(.ARM.Collect$$libinit$$00000000) refers (Special) to libinit2.o(.ARM.Collect$$libinit$$00000011) for __rt_lib_init_lc_collate_1
    libinit.o(.ARM.Collect$$libinit$$00000000) refers (Special) to libinit2.o(.ARM.Collect$$libinit$$00000013) for __rt_lib_init_lc_ctype_1
    libinit.o(.ARM.Collect$$libinit$$00000000) refers (Special) to libinit2.o(.ARM.Collect$$libinit$$00000015) for __rt_lib_init_lc_monetary_1
    libinit.o(.ARM.Collect$$libinit$$00000000) refers (Special) to libinit2.o(.ARM.Collect$$libinit$$00000017) for __rt_lib_init_lc_numeric_1
    libinit.o(.ARM.Collect$$libinit$$00000000) refers (Special) to libinit2.o(.ARM.Collect$$libinit$$00000019) for __rt_lib_init_lc_time_1
    libinit.o(.ARM.Collect$$libinit$$00000000) refers (Special) to libinit2.o(.ARM.Collect$$libinit$$00000004) for __rt_lib_init_preinit_1
    libinit.o(.ARM.Collect$$libinit$$00000000) refers (Special) to libinit2.o(.ARM.Collect$$libinit$$0000000E) for __rt_lib_init_rand_1
    libinit.o(.ARM.Collect$$libinit$$00000000) refers (Special) to libinit2.o(.ARM.Collect$$libinit$$00000033) for __rt_lib_init_return
    libinit.o(.ARM.Collect$$libinit$$00000000) refers (Special) to libinit2.o(.ARM.Collect$$libinit$$0000001D) for __rt_lib_init_signal_1
    libinit.o(.ARM.Collect$$libinit$$00000000) refers (Special) to libinit2.o(.ARM.Collect$$libinit$$00000025) for __rt_lib_init_stdio_1
    libinit.o(.ARM.Collect$$libinit$$00000000) refers (Special) to libinit2.o(.ARM.Collect$$libinit$$0000000C) for __rt_lib_init_user_alloc_1
    retnan.o(.text) refers (Special) to usenofp.o(x$fpl$usenofp) for __I$use$fp
    retnan.o(.text) refers to cmpret.o(.text) for __fpl_cmpreturn
    libspace.o(.text) refers to libspace.o(.bss) for __libspace_start
    rtexit.o(.ARM.Collect$$rtexit$$00000000) refers (Special) to rtexit2.o(.ARM.Collect$$rtexit$$00000004) for __rt_exit_exit
    rtexit.o(.ARM.Collect$$rtexit$$00000000) refers (Special) to rtexit2.o(.ARM.Collect$$rtexit$$00000003) for __rt_exit_ls
    rtexit.o(.ARM.Collect$$rtexit$$00000000) refers (Special) to rtexit2.o(.ARM.Collect$$rtexit$$00000002) for __rt_exit_prels_1
    rtexit.o(.ARM.exidx) refers (Special) to rtexit2.o(.ARM.Collect$$rtexit$$00000004) for __rt_exit_exit
    rtexit.o(.ARM.exidx) refers (Special) to rtexit2.o(.ARM.Collect$$rtexit$$00000003) for __rt_exit_ls
    rtexit.o(.ARM.exidx) refers (Special) to rtexit2.o(.ARM.Collect$$rtexit$$00000002) for __rt_exit_prels_1
    rtexit.o(.ARM.exidx) refers to rtexit.o(.ARM.Collect$$rtexit$$00000000) for .ARM.Collect$$rtexit$$00000000
    rt_raise.o(.text) refers to __raise.o(.text) for __raise
    rt_raise.o(.text) refers to sys_exit.o(.text) for _sys_exit
    defsig_exit.o(.text) refers to sys_exit.o(.text) for _sys_exit
    defsig_fpe_inner.o(.text) refers to defsig_general.o(.text) for __default_signal_display
    libinit2.o(.ARM.Collect$$libinit$$00000010) refers to libinit2.o(.ARM.Collect$$libinit$$0000000F) for .ARM.Collect$$libinit$$0000000F
    libinit2.o(.ARM.Collect$$libinit$$00000012) refers to libinit2.o(.ARM.Collect$$libinit$$0000000F) for .ARM.Collect$$libinit$$0000000F
    libinit2.o(.ARM.Collect$$libinit$$00000014) refers to libinit2.o(.ARM.Collect$$libinit$$0000000F) for .ARM.Collect$$libinit$$0000000F
    libinit2.o(.ARM.Collect$$libinit$$00000016) refers to libinit2.o(.ARM.Collect$$libinit$$0000000F) for .ARM.Collect$$libinit$$0000000F
    libinit2.o(.ARM.Collect$$libinit$$00000018) refers to libinit2.o(.ARM.Collect$$libinit$$0000000F) for .ARM.Collect$$libinit$$0000000F
    libinit2.o(.ARM.Collect$$libinit$$00000026) refers to argv_veneer.o(.text) for __ARM_argv_veneer
    libinit2.o(.ARM.Collect$$libinit$$00000027) refers to argv_veneer.o(.text) for __ARM_argv_veneer
    sys_exit.o(.text) refers (Special) to use_no_semi.o(.text) for __I$use$semihosting
    sys_exit.o(.text) refers (Special) to indicate_semi.o(.text) for __semihosting_library_function
    rtexit2.o(.ARM.Collect$$rtexit$$00000003) refers to libshutdown.o(.ARM.Collect$$libshutdown$$00000000) for __rt_lib_shutdown
    rtexit2.o(.ARM.Collect$$rtexit$$00000004) refers to sys_exit.o(.text) for _sys_exit
    rtexit2.o(.ARM.exidx) refers to rtexit2.o(.ARM.Collect$$rtexit$$00000001) for .ARM.Collect$$rtexit$$00000001
    rtexit2.o(.ARM.exidx) refers to rtexit2.o(.ARM.Collect$$rtexit$$00000003) for .ARM.Collect$$rtexit$$00000003
    rtexit2.o(.ARM.exidx) refers to rtexit2.o(.ARM.Collect$$rtexit$$00000004) for .ARM.Collect$$rtexit$$00000004
    __raise.o(.text) refers to defsig.o(CL$$defsig) for __default_signal_handler
    defsig_general.o(.text) refers to sys_wrch.o(.text) for _ttywrch
    sys_wrch.o(.text) refers (Special) to use_no_semi.o(.text) for __I$use$semihosting
    sys_wrch.o(.text) refers (Special) to indicate_semi.o(.text) for __semihosting_library_function
    defsig.o(CL$$defsig) refers to defsig_fpe_inner.o(.text) for __rt_SIGFPE_inner
    defsig.o(CL$$defsig) refers to defsig_rtmem_inner.o(.text) for __rt_SIGRTMEM_inner
    _get_argv_nomalloc.o(.text) refers (Special) to hrguard.o(.text) for __heap_region$guard
    _get_argv_nomalloc.o(.text) refers to defsig_rtmem_outer.o(.text) for __rt_SIGRTMEM
    _get_argv_nomalloc.o(.text) refers to sys_command.o(.text) for _sys_command_string
    libshutdown.o(.ARM.Collect$$libshutdown$$00000000) refers (Special) to libshutdown2.o(.ARM.Collect$$libshutdown$$00000002) for __rt_lib_shutdown_cpp_1
    libshutdown.o(.ARM.Collect$$libshutdown$$00000000) refers (Special) to libshutdown2.o(.ARM.Collect$$libshutdown$$00000007) for __rt_lib_shutdown_fp_trap_1
    libshutdown.o(.ARM.Collect$$libshutdown$$00000000) refers (Special) to libshutdown2.o(.ARM.Collect$$libshutdown$$0000000F) for __rt_lib_shutdown_heap_1
    libshutdown.o(.ARM.Collect$$libshutdown$$00000000) refers (Special) to libshutdown2.o(.ARM.Collect$$libshutdown$$00000010) for __rt_lib_shutdown_return
    libshutdown.o(.ARM.Collect$$libshutdown$$00000000) refers (Special) to libshutdown2.o(.ARM.Collect$$libshutdown$$0000000A) for __rt_lib_shutdown_signal_1
    libshutdown.o(.ARM.Collect$$libshutdown$$00000000) refers (Special) to libshutdown2.o(.ARM.Collect$$libshutdown$$00000004) for __rt_lib_shutdown_stdio_1
    libshutdown.o(.ARM.Collect$$libshutdown$$00000000) refers (Special) to libshutdown2.o(.ARM.Collect$$libshutdown$$0000000C) for __rt_lib_shutdown_user_alloc_1
    sys_command.o(.text) refers (Special) to use_no_semi.o(.text) for __I$use$semihosting
    sys_command.o(.text) refers (Special) to indicate_semi.o(.text) for __semihosting_library_function
    defsig_abrt_inner.o(.text) refers to defsig_general.o(.text) for __default_signal_display
    defsig_rtred_inner.o(.text) refers to defsig_general.o(.text) for __default_signal_display
    defsig_rtmem_inner.o(.text) refers to defsig_general.o(.text) for __default_signal_display
    defsig_rtmem_outer.o(.text) refers to defsig_rtmem_inner.o(.text) for __rt_SIGRTMEM_inner
    defsig_rtmem_outer.o(.text) refers to defsig_exit.o(.text) for __sig_exit
    defsig_rtmem_formal.o(.text) refers to rt_raise.o(.text) for __rt_raise
    defsig_stak_inner.o(.text) refers to defsig_general.o(.text) for __default_signal_display
    defsig_pvfn_inner.o(.text) refers to defsig_general.o(.text) for __default_signal_display
    defsig_cppl_inner.o(.text) refers to defsig_general.o(.text) for __default_signal_display
    defsig_segv_inner.o(.text) refers to defsig_general.o(.text) for __default_signal_display
    defsig_other.o(.text) refers to defsig_general.o(.text) for __default_signal_display


==============================================================================

Removing Unused input sections from the image.

    Removing main.o(.rev16_text), (4 bytes).
    Removing main.o(.revsh_text), (4 bytes).
    Removing main.o(i.ler_sinal_reservatorio_cheio), (16 bytes).
    Removing main.o(i.ler_sinal_reservatorio_vazio), (16 bytes).
    Removing system_mkl25z4.o(.rev16_text), (4 bytes).
    Removing system_mkl25z4.o(.revsh_text), (4 bytes).
    Removing system_mkl25z4.o(i.SystemCoreClockUpdate), (400 bytes).
    Removing system_mkl25z4.o(.data), (4 bytes).
    Removing system_mkl25z4.o(i.__ARM_common_switch8), (28 bytes).

9 unused section(s) (total 480 bytes) removed from the image.

==============================================================================

Image Symbol Table

    Local Symbols

    Symbol Name                              Value     Ov Type        Size  Object(Section)

    RESET                                    0x00000000   Section      192  startup_mkl25z4.o(RESET)
    ../clib/angel/boardlib.s                 0x00000000   Number         0  boardinit1.o ABSOLUTE
    ../clib/angel/boardlib.s                 0x00000000   Number         0  boardinit2.o ABSOLUTE
    ../clib/angel/boardlib.s                 0x00000000   Number         0  boardinit3.o ABSOLUTE
    ../clib/angel/boardlib.s                 0x00000000   Number         0  boardshut.o ABSOLUTE
    ../clib/angel/handlers.s                 0x00000000   Number         0  __scatter_zi.o ABSOLUTE
    ../clib/angel/handlers.s                 0x00000000   Number         0  __scatter_copy.o ABSOLUTE
    ../clib/angel/kernel.s                   0x00000000   Number         0  rtexit2.o ABSOLUTE
    ../clib/angel/kernel.s                   0x00000000   Number         0  __rtentry.o ABSOLUTE
    ../clib/angel/kernel.s                   0x00000000   Number         0  rtexit.o ABSOLUTE
    ../clib/angel/kernel.s                   0x00000000   Number         0  __rtentry2.o ABSOLUTE
    ../clib/angel/kernel.s                   0x00000000   Number         0  __rtentry4.o ABSOLUTE
    ../clib/angel/rt.s                       0x00000000   Number         0  aeabi_idiv0.o ABSOLUTE
    ../clib/angel/rt.s                       0x00000000   Number         0  aeabi_idiv0_sigfpe.o ABSOLUTE
    ../clib/angel/rt.s                       0x00000000   Number         0  rt_div0.o ABSOLUTE
    ../clib/angel/rt.s                       0x00000000   Number         0  rt_raise.o ABSOLUTE
    ../clib/angel/scatterp.s                 0x00000000   Number         0  __scatter.o ABSOLUTE
    ../clib/angel/startup.s                  0x00000000   Number         0  __main.o ABSOLUTE
    ../clib/angel/sys.s                      0x00000000   Number         0  use_no_semi.o ABSOLUTE
    ../clib/angel/sys.s                      0x00000000   Number         0  indicate_semi.o ABSOLUTE
    ../clib/angel/sys.s                      0x00000000   Number         0  sys_stackheap_outer.o ABSOLUTE
    ../clib/angel/sys.s                      0x00000000   Number         0  libspace.o ABSOLUTE
    ../clib/angel/sys.s                      0x00000000   Number         0  tempstk.o ABSOLUTE
    ../clib/angel/sysapp.c                   0x00000000   Number         0  sys_exit.o ABSOLUTE
    ../clib/angel/sysapp.c                   0x00000000   Number         0  sys_command.o ABSOLUTE
    ../clib/angel/sysapp.c                   0x00000000   Number         0  sys_wrch.o ABSOLUTE
    ../clib/armsys.c                         0x00000000   Number         0  no_argv.o ABSOLUTE
    ../clib/armsys.c                         0x00000000   Number         0  _get_argv_nomalloc.o ABSOLUTE
    ../clib/armsys.c                         0x00000000   Number         0  argv_veneer.o ABSOLUTE
    ../clib/division.s                       0x00000000   Number         0  aeabi_sdiv_div0.o ABSOLUTE
    ../clib/division.s                       0x00000000   Number         0  aeabi_sdiv.o ABSOLUTE
    ../clib/heapalloc.c                      0x00000000   Number         0  hrguard.o ABSOLUTE
    ../clib/heapaux.c                        0x00000000   Number         0  heapauxi.o ABSOLUTE
    ../clib/libinit.s                        0x00000000   Number         0  libinit2.o ABSOLUTE
    ../clib/libinit.s                        0x00000000   Number         0  libshutdown.o ABSOLUTE
    ../clib/libinit.s                        0x00000000   Number         0  libshutdown2.o ABSOLUTE
    ../clib/libinit.s                        0x00000000   Number         0  libinit.o ABSOLUTE
    ../clib/signal.c                         0x00000000   Number         0  defsig_fpe_outer.o ABSOLUTE
    ../clib/signal.c                         0x00000000   Number         0  defsig_rtred_inner.o ABSOLUTE
    ../clib/signal.c                         0x00000000   Number         0  defsig_general.o ABSOLUTE
    ../clib/signal.c                         0x00000000   Number         0  defsig_exit.o ABSOLUTE
    ../clib/signal.c                         0x00000000   Number         0  defsig_fpe_inner.o ABSOLUTE
    ../clib/signal.c                         0x00000000   Number         0  defsig_abrt_inner.o ABSOLUTE
    ../clib/signal.c                         0x00000000   Number         0  defsig_cppl_inner.o ABSOLUTE
    ../clib/signal.c                         0x00000000   Number         0  defsig_segv_inner.o ABSOLUTE
    ../clib/signal.c                         0x00000000   Number         0  __raise.o ABSOLUTE
    ../clib/signal.c                         0x00000000   Number         0  defsig_rtmem_formal.o ABSOLUTE
    ../clib/signal.c                         0x00000000   Number         0  defsig_other.o ABSOLUTE
    ../clib/signal.c                         0x00000000   Number         0  defsig_fpe_formal.o ABSOLUTE
    ../clib/signal.c                         0x00000000   Number         0  defsig_rtmem_outer.o ABSOLUTE
    ../clib/signal.c                         0x00000000   Number         0  defsig_rtmem_inner.o ABSOLUTE
    ../clib/signal.c                         0x00000000   Number         0  defsig_stak_inner.o ABSOLUTE
    ../clib/signal.c                         0x00000000   Number         0  defsig_pvfn_inner.o ABSOLUTE
    ../clib/signal.s                         0x00000000   Number         0  defsig.o ABSOLUTE
    ../clib/stdlib.c                         0x00000000   Number         0  exit.o ABSOLUTE
    ../fplib/cfplib/cmpret.c                 0x00000000   Number         0  cmpret.o ABSOLUTE
    ../fplib/cfplib/d2f.c                    0x00000000   Number         0  d2f.o ABSOLUTE
    ../fplib/cfplib/daddsub.c                0x00000000   Number         0  daddsub.o ABSOLUTE
    ../fplib/cfplib/dcmpin.c                 0x00000000   Number         0  dcmpin.o ABSOLUTE
    ../fplib/cfplib/ddiv.c                   0x00000000   Number         0  ddiv.o ABSOLUTE
    ../fplib/cfplib/dmul.c                   0x00000000   Number         0  dmul.o ABSOLUTE
    ../fplib/cfplib/f2d.c                    0x00000000   Number         0  f2d.o ABSOLUTE
    ../fplib/cfplib/fcmpin.c                 0x00000000   Number         0  fcmpin.o ABSOLUTE
    ../fplib/cfplib/ffix.c                   0x00000000   Number         0  dfixi.o ABSOLUTE
    ../fplib/cfplib/fflt.c                   0x00000000   Number         0  dflti.o ABSOLUTE
    ../fplib/cfplib/fflt.c                   0x00000000   Number         0  fflti.o ABSOLUTE
    ../fplib/cfplib/fpinit.c                 0x00000000   Number         0  fpinit.o ABSOLUTE
    ../fplib/cfplib/nan2.c                   0x00000000   Number         0  dnan2.o ABSOLUTE
    ../fplib/cfplib/nan2.c                   0x00000000   Number         0  fnan2.o ABSOLUTE
    ../fplib/cfplib/retnan.c                 0x00000000   Number         0  retnan.o ABSOLUTE
    ../fplib/drleqf6m.s                      0x00000000   Number         0  drlef.o ABSOLUTE
    ../fplib/faddsub6m.s                     0x00000000   Number         0  faddsub.o ABSOLUTE
    ../fplib/fleqf6m.s                       0x00000000   Number         0  flef.o ABSOLUTE
    ../fplib/fmul6m.s                        0x00000000   Number         0  fmul.o ABSOLUTE
    ../fplib/usenofp.s                       0x00000000   Number         0  usenofp.o ABSOLUTE
    RTE\Device\MKL25Z128xxx4\startup_MKL25Z4.s 0x00000000   Number         0  startup_mkl25z4.o ABSOLUTE
    RTE\Device\MKL25Z128xxx4\system_MKL25Z4.c 0x00000000   Number         0  system_mkl25z4.o ABSOLUTE
    RTE\\Device\\MKL25Z128xxx4\\system_MKL25Z4.c 0x00000000   Number         0  system_mkl25z4.o ABSOLUTE
    dc.s                                     0x00000000   Number         0  dc.o ABSOLUTE
    main.c                                   0x00000000   Number         0  main.o ABSOLUTE
    main.c                                   0x00000000   Number         0  main.o ABSOLUTE
    !!!main                                  0x000000c0   Section        8  __main.o(!!!main)
    !!!scatter                               0x000000c8   Section       60  __scatter.o(!!!scatter)
    !!handler_copy                           0x00000104   Section       26  __scatter_copy.o(!!handler_copy)
    !!handler_zi                             0x00000120   Section       28  __scatter_zi.o(!!handler_zi)
    .ARM.Collect$$libinit$$00000000          0x0000013c   Section        2  libinit.o(.ARM.Collect$$libinit$$00000000)
    .ARM.Collect$$libinit$$00000002          0x0000013e   Section        0  libinit2.o(.ARM.Collect$$libinit$$00000002)
    .ARM.Collect$$libinit$$00000004          0x0000013e   Section        0  libinit2.o(.ARM.Collect$$libinit$$00000004)
    .ARM.Collect$$libinit$$0000000A          0x0000013e   Section        0  libinit2.o(.ARM.Collect$$libinit$$0000000A)
    .ARM.Collect$$libinit$$0000000C          0x0000013e   Section        0  libinit2.o(.ARM.Collect$$libinit$$0000000C)
    .ARM.Collect$$libinit$$0000000E          0x0000013e   Section        0  libinit2.o(.ARM.Collect$$libinit$$0000000E)
    .ARM.Collect$$libinit$$00000011          0x0000013e   Section        0  libinit2.o(.ARM.Collect$$libinit$$00000011)
    .ARM.Collect$$libinit$$00000013          0x0000013e   Section        0  libinit2.o(.ARM.Collect$$libinit$$00000013)
    .ARM.Collect$$libinit$$00000015          0x0000013e   Section        0  libinit2.o(.ARM.Collect$$libinit$$00000015)
    .ARM.Collect$$libinit$$00000017          0x0000013e   Section        0  libinit2.o(.ARM.Collect$$libinit$$00000017)
    .ARM.Collect$$libinit$$00000019          0x0000013e   Section        0  libinit2.o(.ARM.Collect$$libinit$$00000019)
    .ARM.Collect$$libinit$$0000001B          0x0000013e   Section        0  libinit2.o(.ARM.Collect$$libinit$$0000001B)
    .ARM.Collect$$libinit$$0000001D          0x0000013e   Section        0  libinit2.o(.ARM.Collect$$libinit$$0000001D)
    .ARM.Collect$$libinit$$0000001F          0x0000013e   Section        0  libinit2.o(.ARM.Collect$$libinit$$0000001F)
    .ARM.Collect$$libinit$$00000021          0x0000013e   Section        0  libinit2.o(.ARM.Collect$$libinit$$00000021)
    .ARM.Collect$$libinit$$00000023          0x0000013e   Section        0  libinit2.o(.ARM.Collect$$libinit$$00000023)
    .ARM.Collect$$libinit$$00000025          0x0000013e   Section        0  libinit2.o(.ARM.Collect$$libinit$$00000025)
    .ARM.Collect$$libinit$$0000002C          0x0000013e   Section        0  libinit2.o(.ARM.Collect$$libinit$$0000002C)
    .ARM.Collect$$libinit$$0000002E          0x0000013e   Section        0  libinit2.o(.ARM.Collect$$libinit$$0000002E)
    .ARM.Collect$$libinit$$00000030          0x0000013e   Section        0  libinit2.o(.ARM.Collect$$libinit$$00000030)
    .ARM.Collect$$libinit$$00000032          0x0000013e   Section        0  libinit2.o(.ARM.Collect$$libinit$$00000032)
    .ARM.Collect$$libinit$$00000033          0x0000013e   Section        2  libinit2.o(.ARM.Collect$$libinit$$00000033)
    .ARM.Collect$$libshutdown$$00000000      0x00000140   Section        2  libshutdown.o(.ARM.Collect$$libshutdown$$00000000)
    .ARM.Collect$$libshutdown$$00000002      0x00000142   Section        0  libshutdown2.o(.ARM.Collect$$libshutdown$$00000002)
    .ARM.Collect$$libshutdown$$00000004      0x00000142   Section        0  libshutdown2.o(.ARM.Collect$$libshutdown$$00000004)
    .ARM.Collect$$libshutdown$$00000007      0x00000142   Section        0  libshutdown2.o(.ARM.Collect$$libshutdown$$00000007)
    .ARM.Collect$$libshutdown$$0000000A      0x00000142   Section        0  libshutdown2.o(.ARM.Collect$$libshutdown$$0000000A)
    .ARM.Collect$$libshutdown$$0000000C      0x00000142   Section        0  libshutdown2.o(.ARM.Collect$$libshutdown$$0000000C)
    .ARM.Collect$$libshutdown$$0000000F      0x00000142   Section        0  libshutdown2.o(.ARM.Collect$$libshutdown$$0000000F)
    .ARM.Collect$$libshutdown$$00000010      0x00000142   Section        2  libshutdown2.o(.ARM.Collect$$libshutdown$$00000010)
    .ARM.Collect$$rtentry$$00000000          0x00000144   Section        0  __rtentry.o(.ARM.Collect$$rtentry$$00000000)
    .ARM.Collect$$rtentry$$00000002          0x00000144   Section        0  __rtentry2.o(.ARM.Collect$$rtentry$$00000002)
    .ARM.Collect$$rtentry$$00000004          0x00000144   Section        6  __rtentry4.o(.ARM.Collect$$rtentry$$00000004)
    .ARM.Collect$$rtentry$$00000009          0x0000014a   Section        0  __rtentry2.o(.ARM.Collect$$rtentry$$00000009)
    .ARM.Collect$$rtentry$$0000000A          0x0000014a   Section        4  __rtentry2.o(.ARM.Collect$$rtentry$$0000000A)
    .ARM.Collect$$rtentry$$0000000C          0x0000014e   Section        0  __rtentry2.o(.ARM.Collect$$rtentry$$0000000C)
    .ARM.Collect$$rtentry$$0000000D          0x0000014e   Section        8  __rtentry2.o(.ARM.Collect$$rtentry$$0000000D)
    .ARM.Collect$$rtexit$$00000000           0x00000156   Section        2  rtexit.o(.ARM.Collect$$rtexit$$00000000)
    .ARM.Collect$$rtexit$$00000002           0x00000158   Section        0  rtexit2.o(.ARM.Collect$$rtexit$$00000002)
    .ARM.Collect$$rtexit$$00000003           0x00000158   Section        4  rtexit2.o(.ARM.Collect$$rtexit$$00000003)
    .ARM.Collect$$rtexit$$00000004           0x0000015c   Section        6  rtexit2.o(.ARM.Collect$$rtexit$$00000004)
    .text                                    0x00000164   Section       64  startup_mkl25z4.o(.text)
    .text                                    0x000001a4   Section      346  aeabi_sdiv.o(.text)
    .text                                    0x000002fe   Section        0  heapauxi.o(.text)
    .text                                    0x00000304   Section        0  d2f.o(.text)
    .text                                    0x00000380   Section        0  dfixi.o(.text)
    .text                                    0x000003ec   Section        0  dnan2.o(.text)
    .ARM.__at_0x400                          0x00000400   Section       16  startup_mkl25z4.o(.ARM.__at_0x400)
    .text                                    0x00000410   Section        0  daddsub.o(.text)
    _dadd1                                   0x00000411   Thumb Code   290  daddsub.o(.text)
    _dsub1                                   0x00000533   Thumb Code   470  daddsub.o(.text)
    .text                                    0x00000768   Section        0  ddiv.o(.text)
    .text                                    0x00000bb0   Section        0  dflti.o(.text)
    .text                                    0x00000c08   Section        0  dmul.o(.text)
    .text                                    0x00000e50   Section        0  f2d.o(.text)
    .text                                    0x00000ea4   Section        0  fflti.o(.text)
    .text                                    0x00000f04   Section        0  dcmpin.o(.text)
    .text                                    0x00000f94   Section        0  fcmpin.o(.text)
    .text                                    0x00000ff8   Section        0  cmpret.o(.text)
    .text                                    0x00001028   Section        0  fnan2.o(.text)
    .text                                    0x00001038   Section       62  sys_stackheap_outer.o(.text)
    .text                                    0x00001076   Section        0  exit.o(.text)
    .text                                    0x00001086   Section        0  retnan.o(.text)
    .text                                    0x000010e4   Section        8  libspace.o(.text)
    .text                                    0x000010ec   Section        0  sys_exit.o(.text)
    .text                                    0x000010f8   Section        2  use_no_semi.o(.text)
    .text                                    0x000010fa   Section        0  indicate_semi.o(.text)
    i.PIT_IRQHandler                         0x000010fc   Section        0  main.o(i.PIT_IRQHandler)
    i.SystemInit                             0x00001200   Section        0  system_mkl25z4.o(i.SystemInit)
    i.aguardando_senha                       0x0000120c   Section        0  main.o(i.aguardando_senha)
    i.aguardando_usuario                     0x00001288   Section        0  main.o(i.aguardando_usuario)
    i.atraso_1650us                          0x0000130c   Section        0  main.o(i.atraso_1650us)
    i.atraso_40us_lcd                        0x00001338   Section        0  main.o(i.atraso_40us_lcd)
    i.escrever_status                        0x00001364   Section        0  main.o(i.escrever_status)
    i.escrita_ao_leite                       0x000013b4   Section        0  main.o(i.escrita_ao_leite)
    i.escrita_comando                        0x000013f4   Section        0  main.o(i.escrita_comando)
    i.escrita_meio_amargo                    0x0000142c   Section        0  main.o(i.escrita_meio_amargo)
    i.escrita_texto                          0x0000146c   Section        0  main.o(i.escrita_texto)
    i.escrita_valor                          0x00001488   Section        0  main.o(i.escrita_valor)
    i.fim_de_producao                        0x000014b8   Section        0  main.o(i.fim_de_producao)
    i.iniciar_producao                       0x000014e8   Section        0  main.o(i.iniciar_producao)
    i.init_lcd                               0x00001514   Section        0  main.o(i.init_lcd)
    i.init_pit                               0x00001650   Section        0  main.o(i.init_pit)
    i.init_portas                            0x000016a4   Section        0  main.o(i.init_portas)
    i.init_sinais                            0x000018a8   Section        0  main.o(i.init_sinais)
    i.lcd_config                             0x000018fc   Section        0  main.o(i.lcd_config)
    i.ler_valor_adc                          0x00001928   Section        0  main.o(i.ler_valor_adc)
    i.limpar_display                         0x00001980   Section        0  main.o(i.limpar_display)
    i.main                                   0x00001990   Section        0  main.o(i.main)
    i.nova_linha                             0x000019c4   Section        0  main.o(i.nova_linha)
    i.parada_de_emergencia                   0x000019d0   Section        0  main.o(i.parada_de_emergencia)
    i.parar_producao                         0x00001a3c   Section        0  main.o(i.parar_producao)
    i.processa_acao                          0x00001a64   Section        0  main.o(i.processa_acao)
    i.seta_esteira                           0x00001afc   Section        0  main.o(i.seta_esteira)
    i.seta_pistao_saida                      0x00001b24   Section        0  main.o(i.seta_pistao_saida)
    i.seta_valor_dac                         0x00001b54   Section        0  main.o(i.seta_valor_dac)
    i.seta_valvula                           0x00001bd8   Section        0  main.o(i.seta_valvula)
    i.testa_debounce                         0x00001c00   Section        0  main.o(i.testa_debounce)
    i.testa_senha                            0x00001cf4   Section        0  main.o(i.testa_senha)
    i.testa_teclado                          0x00001d28   Section        0  main.o(i.testa_teclado)
    i.testa_usuario                          0x00001d60   Section        0  main.o(i.testa_usuario)
    i.troca_tipo_chocolate                   0x00001d94   Section        0  main.o(i.troca_tipo_chocolate)
    x$fpl$drleqf                             0x00001d98   Section      104  drlef.o(x$fpl$drleqf)
    x$fpl$fadd                               0x00001e00   Section      140  faddsub.o(x$fpl$fadd)
    _fadd1                                   0x00001e0d   Thumb Code     0  faddsub.o(x$fpl$fadd)
    x$fpl$fleqf                              0x00001e8c   Section       84  flef.o(x$fpl$fleqf)
    x$fpl$fmul                               0x00001ee0   Section      176  fmul.o(x$fpl$fmul)
    x$fpl$fsub                               0x00001f90   Section      208  faddsub.o(x$fpl$fsub)
    _fsub1                                   0x00001f9d   Thumb Code     0  faddsub.o(x$fpl$fsub)
    .constdata                               0x00002060   Section      128  ddiv.o(.constdata)
    x$fpl$usenofp                            0x00002060   Section        0  usenofp.o(x$fpl$usenofp)
    ddiv_reciptbl                            0x00002060   Data         128  ddiv.o(.constdata)
    .data                                    0x1ffff000   Section       72  main.o(.data)
    .bss                                     0x1ffff048   Section       20  main.o(.bss)
    .bss                                     0x1ffff05c   Section       96  libspace.o(.bss)
    HEAP                                     0x1ffff0c0   Section        0  startup_mkl25z4.o(HEAP)
    STACK                                    0x1ffff0c0   Section      256  startup_mkl25z4.o(STACK)
    Heap_Mem                                 0x1ffff0c0   Data           0  startup_mkl25z4.o(HEAP)
    Stack_Mem                                0x1ffff0c0   Data         256  startup_mkl25z4.o(STACK)
    __initial_sp                             0x1ffff1c0   Data           0  startup_mkl25z4.o(STACK)

    Global Symbols

    Symbol Name                              Value     Ov Type        Size  Object(Section)

    BuildAttributes$$THM_ISAv3M$S$PE$A:L22$X:L11$S22$IEEE1$IW$USESV6$~STKCKD$USESV7$~SHL$OSPACE$ROPI$EBA8$UX$STANDARDLIB$REQ8$PRES8$EABIv2 0x00000000   Number         0  anon$$obj.o ABSOLUTE
    __ARM_use_no_argv                        0x00000000   Number         0  main.o ABSOLUTE
    __Vectors                                0x00000000   Data           4  startup_mkl25z4.o(RESET)
    __ARM_exceptions_init                     - Undefined Weak Reference
    __alloca_initialize                       - Undefined Weak Reference
    __arm_preinit_                            - Undefined Weak Reference
    __cpp_initialize__aeabi_                  - Undefined Weak Reference
    __cxa_finalize                            - Undefined Weak Reference
    __rt_locale                               - Undefined Weak Reference
    __sigvec_lookup                           - Undefined Weak Reference
    _atexit_init                              - Undefined Weak Reference
    _call_atexit_fns                          - Undefined Weak Reference
    _clock_init                               - Undefined Weak Reference
    _fp_trap_init                             - Undefined Weak Reference
    _fp_trap_shutdown                         - Undefined Weak Reference
    _get_lc_collate                           - Undefined Weak Reference
    _get_lc_ctype                             - Undefined Weak Reference
    _get_lc_monetary                          - Undefined Weak Reference
    _get_lc_numeric                           - Undefined Weak Reference
    _get_lc_time                              - Undefined Weak Reference
    _getenv_init                              - Undefined Weak Reference
    _handle_redirection                       - Undefined Weak Reference
    _init_alloc                               - Undefined Weak Reference
    _init_user_alloc                          - Undefined Weak Reference
    _initio                                   - Undefined Weak Reference
    _rand_init                                - Undefined Weak Reference
    _signal_finish                            - Undefined Weak Reference
    _signal_init                              - Undefined Weak Reference
    _terminate_alloc                          - Undefined Weak Reference
    _terminate_user_alloc                     - Undefined Weak Reference
    _terminateio                              - Undefined Weak Reference
    __Vectors_End                            0x000000c0   Data           0  startup_mkl25z4.o(RESET)
    __Vectors_Size                           0x000000c0   Number         0  startup_mkl25z4.o ABSOLUTE
    __main                                   0x000000c1   Thumb Code     8  __main.o(!!!main)
    __scatterload                            0x000000c9   Thumb Code     0  __scatter.o(!!!scatter)
    __scatterload_rt2                        0x000000c9   Thumb Code    52  __scatter.o(!!!scatter)
    __scatterload_rt2_thumb_only             0x000000c9   Thumb Code     0  __scatter.o(!!!scatter)
    __scatterload_null                       0x000000d9   Thumb Code     0  __scatter.o(!!!scatter)
    __scatterload_copy                       0x00000105   Thumb Code    26  __scatter_copy.o(!!handler_copy)
    __scatterload_zeroinit                   0x00000121   Thumb Code    28  __scatter_zi.o(!!handler_zi)
    __rt_lib_init                            0x0000013d   Thumb Code     0  libinit.o(.ARM.Collect$$libinit$$00000000)
    __rt_lib_init_alloca_1                   0x0000013f   Thumb Code     0  libinit2.o(.ARM.Collect$$libinit$$0000002E)
    __rt_lib_init_argv_1                     0x0000013f   Thumb Code     0  libinit2.o(.ARM.Collect$$libinit$$0000002C)
    __rt_lib_init_atexit_1                   0x0000013f   Thumb Code     0  libinit2.o(.ARM.Collect$$libinit$$0000001B)
    __rt_lib_init_clock_1                    0x0000013f   Thumb Code     0  libinit2.o(.ARM.Collect$$libinit$$00000021)
    __rt_lib_init_cpp_1                      0x0000013f   Thumb Code     0  libinit2.o(.ARM.Collect$$libinit$$00000032)
    __rt_lib_init_exceptions_1               0x0000013f   Thumb Code     0  libinit2.o(.ARM.Collect$$libinit$$00000030)
    __rt_lib_init_fp_1                       0x0000013f   Thumb Code     0  libinit2.o(.ARM.Collect$$libinit$$00000002)
    __rt_lib_init_fp_trap_1                  0x0000013f   Thumb Code     0  libinit2.o(.ARM.Collect$$libinit$$0000001F)
    __rt_lib_init_getenv_1                   0x0000013f   Thumb Code     0  libinit2.o(.ARM.Collect$$libinit$$00000023)
    __rt_lib_init_heap_1                     0x0000013f   Thumb Code     0  libinit2.o(.ARM.Collect$$libinit$$0000000A)
    __rt_lib_init_lc_collate_1               0x0000013f   Thumb Code     0  libinit2.o(.ARM.Collect$$libinit$$00000011)
    __rt_lib_init_lc_ctype_1                 0x0000013f   Thumb Code     0  libinit2.o(.ARM.Collect$$libinit$$00000013)
    __rt_lib_init_lc_monetary_1              0x0000013f   Thumb Code     0  libinit2.o(.ARM.Collect$$libinit$$00000015)
    __rt_lib_init_lc_numeric_1               0x0000013f   Thumb Code     0  libinit2.o(.ARM.Collect$$libinit$$00000017)
    __rt_lib_init_lc_time_1                  0x0000013f   Thumb Code     0  libinit2.o(.ARM.Collect$$libinit$$00000019)
    __rt_lib_init_preinit_1                  0x0000013f   Thumb Code     0  libinit2.o(.ARM.Collect$$libinit$$00000004)
    __rt_lib_init_rand_1                     0x0000013f   Thumb Code     0  libinit2.o(.ARM.Collect$$libinit$$0000000E)
    __rt_lib_init_return                     0x0000013f   Thumb Code     0  libinit2.o(.ARM.Collect$$libinit$$00000033)
    __rt_lib_init_signal_1                   0x0000013f   Thumb Code     0  libinit2.o(.ARM.Collect$$libinit$$0000001D)
    __rt_lib_init_stdio_1                    0x0000013f   Thumb Code     0  libinit2.o(.ARM.Collect$$libinit$$00000025)
    __rt_lib_init_user_alloc_1               0x0000013f   Thumb Code     0  libinit2.o(.ARM.Collect$$libinit$$0000000C)
    __rt_lib_shutdown                        0x00000141   Thumb Code     0  libshutdown.o(.ARM.Collect$$libshutdown$$00000000)
    __rt_lib_shutdown_cpp_1                  0x00000143   Thumb Code     0  libshutdown2.o(.ARM.Collect$$libshutdown$$00000002)
    __rt_lib_shutdown_fp_trap_1              0x00000143   Thumb Code     0  libshutdown2.o(.ARM.Collect$$libshutdown$$00000007)
    __rt_lib_shutdown_heap_1                 0x00000143   Thumb Code     0  libshutdown2.o(.ARM.Collect$$libshutdown$$0000000F)
    __rt_lib_shutdown_return                 0x00000143   Thumb Code     0  libshutdown2.o(.ARM.Collect$$libshutdown$$00000010)
    __rt_lib_shutdown_signal_1               0x00000143   Thumb Code     0  libshutdown2.o(.ARM.Collect$$libshutdown$$0000000A)
    __rt_lib_shutdown_stdio_1                0x00000143   Thumb Code     0  libshutdown2.o(.ARM.Collect$$libshutdown$$00000004)
    __rt_lib_shutdown_user_alloc_1           0x00000143   Thumb Code     0  libshutdown2.o(.ARM.Collect$$libshutdown$$0000000C)
    __rt_entry                               0x00000145   Thumb Code     0  __rtentry.o(.ARM.Collect$$rtentry$$00000000)
    __rt_entry_presh_1                       0x00000145   Thumb Code     0  __rtentry2.o(.ARM.Collect$$rtentry$$00000002)
    __rt_entry_sh                            0x00000145   Thumb Code     0  __rtentry4.o(.ARM.Collect$$rtentry$$00000004)
    __rt_entry_li                            0x0000014b   Thumb Code     0  __rtentry2.o(.ARM.Collect$$rtentry$$0000000A)
    __rt_entry_postsh_1                      0x0000014b   Thumb Code     0  __rtentry2.o(.ARM.Collect$$rtentry$$00000009)
    __rt_entry_main                          0x0000014f   Thumb Code     0  __rtentry2.o(.ARM.Collect$$rtentry$$0000000D)
    __rt_entry_postli_1                      0x0000014f   Thumb Code     0  __rtentry2.o(.ARM.Collect$$rtentry$$0000000C)
    __rt_exit                                0x00000157   Thumb Code     0  rtexit.o(.ARM.Collect$$rtexit$$00000000)
    __rt_exit_ls                             0x00000159   Thumb Code     0  rtexit2.o(.ARM.Collect$$rtexit$$00000003)
    __rt_exit_prels_1                        0x00000159   Thumb Code     0  rtexit2.o(.ARM.Collect$$rtexit$$00000002)
    __rt_exit_exit                           0x0000015d   Thumb Code     0  rtexit2.o(.ARM.Collect$$rtexit$$00000004)
    Reset_Handler                            0x00000165   Thumb Code    12  startup_mkl25z4.o(.text)
    NMI_Handler                              0x00000171   Thumb Code     2  startup_mkl25z4.o(.text)
    HardFault_Handler                        0x00000173   Thumb Code     2  startup_mkl25z4.o(.text)
    SVC_Handler                              0x00000175   Thumb Code     2  startup_mkl25z4.o(.text)
    PendSV_Handler                           0x00000177   Thumb Code     2  startup_mkl25z4.o(.text)
    SysTick_Handler                          0x00000179   Thumb Code     2  startup_mkl25z4.o(.text)
    ADC0_IRQHandler                          0x0000017b   Thumb Code     0  startup_mkl25z4.o(.text)
    CMP0_IRQHandler                          0x0000017b   Thumb Code     0  startup_mkl25z4.o(.text)
    DAC0_IRQHandler                          0x0000017b   Thumb Code     0  startup_mkl25z4.o(.text)
    DMA0_IRQHandler                          0x0000017b   Thumb Code     0  startup_mkl25z4.o(.text)
    DMA1_IRQHandler                          0x0000017b   Thumb Code     0  startup_mkl25z4.o(.text)
    DMA2_IRQHandler                          0x0000017b   Thumb Code     0  startup_mkl25z4.o(.text)
    DMA3_IRQHandler                          0x0000017b   Thumb Code     0  startup_mkl25z4.o(.text)
    DefaultISR                               0x0000017b   Thumb Code     0  startup_mkl25z4.o(.text)
    FTFA_IRQHandler                          0x0000017b   Thumb Code     0  startup_mkl25z4.o(.text)
    I2C0_IRQHandler                          0x0000017b   Thumb Code     0  startup_mkl25z4.o(.text)
    I2C1_IRQHandler                          0x0000017b   Thumb Code     0  startup_mkl25z4.o(.text)
    LLWU_IRQHandler                          0x0000017b   Thumb Code     0  startup_mkl25z4.o(.text)
    LPTMR0_IRQHandler                        0x0000017b   Thumb Code     0  startup_mkl25z4.o(.text)
    LVD_LVW_IRQHandler                       0x0000017b   Thumb Code     0  startup_mkl25z4.o(.text)
    MCG_IRQHandler                           0x0000017b   Thumb Code     0  startup_mkl25z4.o(.text)
    PORTA_IRQHandler                         0x0000017b   Thumb Code     0  startup_mkl25z4.o(.text)
    PORTD_IRQHandler                         0x0000017b   Thumb Code     0  startup_mkl25z4.o(.text)
    RTC_IRQHandler                           0x0000017b   Thumb Code     0  startup_mkl25z4.o(.text)
    RTC_Seconds_IRQHandler                   0x0000017b   Thumb Code     0  startup_mkl25z4.o(.text)
    Reserved20_IRQHandler                    0x0000017b   Thumb Code     0  startup_mkl25z4.o(.text)
    Reserved39_IRQHandler                    0x0000017b   Thumb Code     0  startup_mkl25z4.o(.text)
    Reserved45_IRQHandler                    0x0000017b   Thumb Code     0  startup_mkl25z4.o(.text)
    SPI0_IRQHandler                          0x0000017b   Thumb Code     0  startup_mkl25z4.o(.text)
    SPI1_IRQHandler                          0x0000017b   Thumb Code     0  startup_mkl25z4.o(.text)
    TPM0_IRQHandler                          0x0000017b   Thumb Code     0  startup_mkl25z4.o(.text)
    TPM1_IRQHandler                          0x0000017b   Thumb Code     0  startup_mkl25z4.o(.text)
    TPM2_IRQHandler                          0x0000017b   Thumb Code     0  startup_mkl25z4.o(.text)
    TSI0_IRQHandler                          0x0000017b   Thumb Code     0  startup_mkl25z4.o(.text)
    UART0_IRQHandler                         0x0000017b   Thumb Code     0  startup_mkl25z4.o(.text)
    UART1_IRQHandler                         0x0000017b   Thumb Code     0  startup_mkl25z4.o(.text)
    UART2_IRQHandler                         0x0000017b   Thumb Code     0  startup_mkl25z4.o(.text)
    USB0_IRQHandler                          0x0000017b   Thumb Code     0  startup_mkl25z4.o(.text)
    __user_initial_stackheap                 0x00000181   Thumb Code     0  startup_mkl25z4.o(.text)
    __aeabi_uidiv                            0x000001a5   Thumb Code     0  aeabi_sdiv.o(.text)
    __aeabi_uidivmod                         0x000001a5   Thumb Code    20  aeabi_sdiv.o(.text)
    __aeabi_idiv                             0x000001b9   Thumb Code     0  aeabi_sdiv.o(.text)
    __aeabi_idivmod                          0x000001b9   Thumb Code   326  aeabi_sdiv.o(.text)
    __use_two_region_memory                  0x000002ff   Thumb Code     2  heapauxi.o(.text)
    __rt_heap_escrow$2region                 0x00000301   Thumb Code     2  heapauxi.o(.text)
    __rt_heap_expand$2region                 0x00000303   Thumb Code     2  heapauxi.o(.text)
    __aeabi_d2f                              0x00000305   Thumb Code     0  d2f.o(.text)
    _d2f                                     0x00000305   Thumb Code   120  d2f.o(.text)
    __aeabi_d2iz                             0x00000381   Thumb Code     0  dfixi.o(.text)
    _dfix                                    0x00000381   Thumb Code    98  dfixi.o(.text)
    __fpl_dcheck_NaN2                        0x000003ed   Thumb Code    14  dnan2.o(.text)
    __aeabi_dadd                             0x00000709   Thumb Code     0  daddsub.o(.text)
    _dadd                                    0x00000709   Thumb Code    26  daddsub.o(.text)
    __aeabi_dsub                             0x00000723   Thumb Code     0  daddsub.o(.text)
    _dsub                                    0x00000723   Thumb Code    22  daddsub.o(.text)
    __aeabi_drsub                            0x00000739   Thumb Code     0  daddsub.o(.text)
    _drsb                                    0x00000739   Thumb Code    28  daddsub.o(.text)
    __aeabi_ddiv                             0x00000769   Thumb Code     0  ddiv.o(.text)
    _ddiv                                    0x00000769   Thumb Code  1072  ddiv.o(.text)
    _drdiv                                   0x00000b99   Thumb Code    20  ddiv.o(.text)
    __aeabi_i2d_normalise                    0x00000bb1   Thumb Code    66  dflti.o(.text)
    __aeabi_i2d                              0x00000bf3   Thumb Code    16  dflti.o(.text)
    _dflt                                    0x00000bf3   Thumb Code     0  dflti.o(.text)
    __aeabi_ui2d                             0x00000c03   Thumb Code     6  dflti.o(.text)
    _dfltu                                   0x00000c03   Thumb Code     0  dflti.o(.text)
    __aeabi_dmul                             0x00000c09   Thumb Code     0  dmul.o(.text)
    _dmul                                    0x00000c09   Thumb Code   558  dmul.o(.text)
    __aeabi_f2d                              0x00000e51   Thumb Code     0  f2d.o(.text)
    _f2d                                     0x00000e51   Thumb Code    80  f2d.o(.text)
    __aeabi_i2f_normalise                    0x00000ea5   Thumb Code    72  fflti.o(.text)
    __aeabi_i2f                              0x00000eed   Thumb Code    16  fflti.o(.text)
    _fflt                                    0x00000eed   Thumb Code     0  fflti.o(.text)
    __aeabi_ui2f                             0x00000efd   Thumb Code     6  fflti.o(.text)
    _ffltu                                   0x00000efd   Thumb Code     0  fflti.o(.text)
    __fpl_dcmp_InfNaN                        0x00000f05   Thumb Code   140  dcmpin.o(.text)
    __fpl_fcmp_InfNaN                        0x00000f95   Thumb Code    96  fcmpin.o(.text)
    __fpl_cmpreturn                          0x00000ff9   Thumb Code    46  cmpret.o(.text)
    __fpl_fcheck_NaN2                        0x00001029   Thumb Code    10  fnan2.o(.text)
    __user_setup_stackheap                   0x00001039   Thumb Code    62  sys_stackheap_outer.o(.text)
    exit                                     0x00001077   Thumb Code    16  exit.o(.text)
    __fpl_return_NaN                         0x00001087   Thumb Code    94  retnan.o(.text)
    __user_libspace                          0x000010e5   Thumb Code     8  libspace.o(.text)
    __user_perproc_libspace                  0x000010e5   Thumb Code     0  libspace.o(.text)
    __user_perthread_libspace                0x000010e5   Thumb Code     0  libspace.o(.text)
    _sys_exit                                0x000010ed   Thumb Code     8  sys_exit.o(.text)
    __I$use$semihosting                      0x000010f9   Thumb Code     0  use_no_semi.o(.text)
    __use_no_semihosting_swi                 0x000010f9   Thumb Code     2  use_no_semi.o(.text)
    __semihosting_library_function           0x000010fb   Thumb Code     0  indicate_semi.o(.text)
    PIT_IRQHandler                           0x000010fd   Thumb Code   220  main.o(i.PIT_IRQHandler)
    SystemInit                               0x00001201   Thumb Code     8  system_mkl25z4.o(i.SystemInit)
    aguardando_senha                         0x0000120d   Thumb Code    86  main.o(i.aguardando_senha)
    aguardando_usuario                       0x00001289   Thumb Code    86  main.o(i.aguardando_usuario)
    atraso_1650us                            0x0000130d   Thumb Code    36  main.o(i.atraso_1650us)
    atraso_40us_lcd                          0x00001339   Thumb Code    38  main.o(i.atraso_40us_lcd)
    escrever_status                          0x00001365   Thumb Code    54  main.o(i.escrever_status)
    escrita_ao_leite                         0x000013b5   Thumb Code    46  main.o(i.escrita_ao_leite)
    escrita_comando                          0x000013f5   Thumb Code    50  main.o(i.escrita_comando)
    escrita_meio_amargo                      0x0000142d   Thumb Code    46  main.o(i.escrita_meio_amargo)
    escrita_texto                            0x0000146d   Thumb Code    28  main.o(i.escrita_texto)
    escrita_valor                            0x00001489   Thumb Code    44  main.o(i.escrita_valor)
    fim_de_producao                          0x000014b9   Thumb Code    34  main.o(i.fim_de_producao)
    iniciar_producao                         0x000014e9   Thumb Code    16  main.o(i.iniciar_producao)
    init_lcd                                 0x00001515   Thumb Code   300  main.o(i.init_lcd)
    init_pit                                 0x00001651   Thumb Code    62  main.o(i.init_pit)
    init_portas                              0x000016a5   Thumb Code   486  main.o(i.init_portas)
    init_sinais                              0x000018a9   Thumb Code    60  main.o(i.init_sinais)
    lcd_config                               0x000018fd   Thumb Code    42  main.o(i.lcd_config)
    ler_valor_adc                            0x00001929   Thumb Code    72  main.o(i.ler_valor_adc)
    limpar_display                           0x00001981   Thumb Code    14  main.o(i.limpar_display)
    main                                     0x00001991   Thumb Code    44  main.o(i.main)
    nova_linha                               0x000019c5   Thumb Code    10  main.o(i.nova_linha)
    parada_de_emergencia                     0x000019d1   Thumb Code    52  main.o(i.parada_de_emergencia)
    parar_producao                           0x00001a3d   Thumb Code    16  main.o(i.parar_producao)
    processa_acao                            0x00001a65   Thumb Code   124  main.o(i.processa_acao)
    seta_esteira                             0x00001afd   Thumb Code    32  main.o(i.seta_esteira)
    seta_pistao_saida                        0x00001b25   Thumb Code    40  main.o(i.seta_pistao_saida)
    seta_valor_dac                           0x00001b55   Thumb Code   102  main.o(i.seta_valor_dac)
    seta_valvula                             0x00001bd9   Thumb Code    32  main.o(i.seta_valvula)
    testa_debounce                           0x00001c01   Thumb Code   238  main.o(i.testa_debounce)
    testa_senha                              0x00001cf5   Thumb Code    42  main.o(i.testa_senha)
    testa_teclado                            0x00001d29   Thumb Code    52  main.o(i.testa_teclado)
    testa_usuario                            0x00001d61   Thumb Code    42  main.o(i.testa_usuario)
    troca_tipo_chocolate                     0x00001d95   Thumb Code     2  main.o(i.troca_tipo_chocolate)
    __aeabi_cdrcmple                         0x00001d99   Thumb Code     0  drlef.o(x$fpl$drleqf)
    _drcmple                                 0x00001d99   Thumb Code   100  drlef.o(x$fpl$drleqf)
    __aeabi_fadd                             0x00001e01   Thumb Code     0  faddsub.o(x$fpl$fadd)
    _fadd                                    0x00001e01   Thumb Code   134  faddsub.o(x$fpl$fadd)
    __aeabi_cfcmple                          0x00001e8d   Thumb Code     0  flef.o(x$fpl$fleqf)
    _fcmple                                  0x00001e8d   Thumb Code    78  flef.o(x$fpl$fleqf)
    __aeabi_fmul                             0x00001ee1   Thumb Code     0  fmul.o(x$fpl$fmul)
    _fmul                                    0x00001ee1   Thumb Code   172  fmul.o(x$fpl$fmul)
    __aeabi_fsub                             0x00001f91   Thumb Code     0  faddsub.o(x$fpl$fsub)
    _fsub                                    0x00001f91   Thumb Code   204  faddsub.o(x$fpl$fsub)
    __I$use$fp                               0x00002060   Number         0  usenofp.o(x$fpl$usenofp)
    Region$$Table$$Base                      0x000020e0   Number         0  anon$$obj.o(Region$$Table)
    Region$$Table$$Limit                     0x00002100   Number         0  anon$$obj.o(Region$$Table)
    status_valvula                           0x1ffff000   Data           4  main.o(.data)
    status_esteira                           0x1ffff004   Data           4  main.o(.data)
    status_pistao                            0x1ffff008   Data           4  main.o(.data)
    produto_alvo                             0x1ffff00c   Data           4  main.o(.data)
    qtd_ao_leite                             0x1ffff010   Data           4  main.o(.data)
    qtd_meio_amargo                          0x1ffff014   Data           4  main.o(.data)
    Kp                                       0x1ffff018   Data           4  main.o(.data)
    Ki                                       0x1ffff01c   Data           4  main.o(.data)
    temperatura                              0x1ffff020   Data           4  main.o(.data)
    temperatura_alvo                         0x1ffff024   Data           4  main.o(.data)
    erro                                     0x1ffff028   Data           4  main.o(.data)
    dataTeclado                              0x1ffff02c   Data          16  main.o(.data)
    estado                                   0x1ffff03c   Data           4  main.o(.data)
    estado_producao                          0x1ffff040   Data           4  main.o(.data)
    salvaEstado                              0x1ffff044   Data           4  main.o(.data)
    erros_anteriores                         0x1ffff048   Data          20  main.o(.bss)
    __libspace_start                         0x1ffff05c   Data          96  libspace.o(.bss)
    __temporary_stack_top$libspace           0x1ffff0bc   Data           0  libspace.o(.bss)



==============================================================================

Memory Map of the image

  Image Entry point : 0x00000165

  Load Region LR_1 (Base: 0x00000000, Size: 0x00002148, Max: 0xffffffff, ABSOLUTE)

    Execution Region ER_RO (Exec base: 0x00000000, Load base: 0x00000000, Size: 0x00002100, Max: 0xffffffff, ABSOLUTE)

    Exec Addr    Load Addr    Size         Type   Attr      Idx    E Section Name        Object

    0x00000000   0x00000000   0x000000c0   Data   RO          262    RESET               startup_mkl25z4.o
    0x000000c0   0x000000c0   0x00000008   Code   RO          315  * !!!main             c_p.l(__main.o)
    0x000000c8   0x000000c8   0x0000003c   Code   RO          526    !!!scatter          c_p.l(__scatter.o)
    0x00000104   0x00000104   0x0000001a   Code   RO          528    !!handler_copy      c_p.l(__scatter_copy.o)
    0x0000011e   0x0000011e   0x00000002   PAD
    0x00000120   0x00000120   0x0000001c   Code   RO          530    !!handler_zi        c_p.l(__scatter_zi.o)
    0x0000013c   0x0000013c   0x00000002   Code   RO          393    .ARM.Collect$$libinit$$00000000  c_p.l(libinit.o)
    0x0000013e   0x0000013e   0x00000000   Code   RO          409    .ARM.Collect$$libinit$$00000002  c_p.l(libinit2.o)
    0x0000013e   0x0000013e   0x00000000   Code   RO          411    .ARM.Collect$$libinit$$00000004  c_p.l(libinit2.o)
    0x0000013e   0x0000013e   0x00000000   Code   RO          414    .ARM.Collect$$libinit$$0000000A  c_p.l(libinit2.o)
    0x0000013e   0x0000013e   0x00000000   Code   RO          416    .ARM.Collect$$libinit$$0000000C  c_p.l(libinit2.o)
    0x0000013e   0x0000013e   0x00000000   Code   RO          418    .ARM.Collect$$libinit$$0000000E  c_p.l(libinit2.o)
    0x0000013e   0x0000013e   0x00000000   Code   RO          421    .ARM.Collect$$libinit$$00000011  c_p.l(libinit2.o)
    0x0000013e   0x0000013e   0x00000000   Code   RO          423    .ARM.Collect$$libinit$$00000013  c_p.l(libinit2.o)
    0x0000013e   0x0000013e   0x00000000   Code   RO          425    .ARM.Collect$$libinit$$00000015  c_p.l(libinit2.o)
    0x0000013e   0x0000013e   0x00000000   Code   RO          427    .ARM.Collect$$libinit$$00000017  c_p.l(libinit2.o)
    0x0000013e   0x0000013e   0x00000000   Code   RO          429    .ARM.Collect$$libinit$$00000019  c_p.l(libinit2.o)
    0x0000013e   0x0000013e   0x00000000   Code   RO          431    .ARM.Collect$$libinit$$0000001B  c_p.l(libinit2.o)
    0x0000013e   0x0000013e   0x00000000   Code   RO          433    .ARM.Collect$$libinit$$0000001D  c_p.l(libinit2.o)
    0x0000013e   0x0000013e   0x00000000   Code   RO          435    .ARM.Collect$$libinit$$0000001F  c_p.l(libinit2.o)
    0x0000013e   0x0000013e   0x00000000   Code   RO          437    .ARM.Collect$$libinit$$00000021  c_p.l(libinit2.o)
    0x0000013e   0x0000013e   0x00000000   Code   RO          439    .ARM.Collect$$libinit$$00000023  c_p.l(libinit2.o)
    0x0000013e   0x0000013e   0x00000000   Code   RO          441    .ARM.Collect$$libinit$$00000025  c_p.l(libinit2.o)
    0x0000013e   0x0000013e   0x00000000   Code   RO          445    .ARM.Collect$$libinit$$0000002C  c_p.l(libinit2.o)
    0x0000013e   0x0000013e   0x00000000   Code   RO          447    .ARM.Collect$$libinit$$0000002E  c_p.l(libinit2.o)
    0x0000013e   0x0000013e   0x00000000   Code   RO          449    .ARM.Collect$$libinit$$00000030  c_p.l(libinit2.o)
    0x0000013e   0x0000013e   0x00000000   Code   RO          451    .ARM.Collect$$libinit$$00000032  c_p.l(libinit2.o)
    0x0000013e   0x0000013e   0x00000002   Code   RO          452    .ARM.Collect$$libinit$$00000033  c_p.l(libinit2.o)
    0x00000140   0x00000140   0x00000002   Code   RO          483    .ARM.Collect$$libshutdown$$00000000  c_p.l(libshutdown.o)
    0x00000142   0x00000142   0x00000000   Code   RO          509    .ARM.Collect$$libshutdown$$00000002  c_p.l(libshutdown2.o)
    0x00000142   0x00000142   0x00000000   Code   RO          511    .ARM.Collect$$libshutdown$$00000004  c_p.l(libshutdown2.o)
    0x00000142   0x00000142   0x00000000   Code   RO          514    .ARM.Collect$$libshutdown$$00000007  c_p.l(libshutdown2.o)
    0x00000142   0x00000142   0x00000000   Code   RO          517    .ARM.Collect$$libshutdown$$0000000A  c_p.l(libshutdown2.o)
    0x00000142   0x00000142   0x00000000   Code   RO          519    .ARM.Collect$$libshutdown$$0000000C  c_p.l(libshutdown2.o)
    0x00000142   0x00000142   0x00000000   Code   RO          522    .ARM.Collect$$libshutdown$$0000000F  c_p.l(libshutdown2.o)
    0x00000142   0x00000142   0x00000002   Code   RO          523    .ARM.Collect$$libshutdown$$00000010  c_p.l(libshutdown2.o)
    0x00000144   0x00000144   0x00000000   Code   RO          346    .ARM.Collect$$rtentry$$00000000  c_p.l(__rtentry.o)
    0x00000144   0x00000144   0x00000000   Code   RO          357    .ARM.Collect$$rtentry$$00000002  c_p.l(__rtentry2.o)
    0x00000144   0x00000144   0x00000006   Code   RO          369    .ARM.Collect$$rtentry$$00000004  c_p.l(__rtentry4.o)
    0x0000014a   0x0000014a   0x00000000   Code   RO          359    .ARM.Collect$$rtentry$$00000009  c_p.l(__rtentry2.o)
    0x0000014a   0x0000014a   0x00000004   Code   RO          360    .ARM.Collect$$rtentry$$0000000A  c_p.l(__rtentry2.o)
    0x0000014e   0x0000014e   0x00000000   Code   RO          362    .ARM.Collect$$rtentry$$0000000C  c_p.l(__rtentry2.o)
    0x0000014e   0x0000014e   0x00000008   Code   RO          363    .ARM.Collect$$rtentry$$0000000D  c_p.l(__rtentry2.o)
    0x00000156   0x00000156   0x00000002   Code   RO          400    .ARM.Collect$$rtexit$$00000000  c_p.l(rtexit.o)
    0x00000158   0x00000158   0x00000000   Code   RO          456    .ARM.Collect$$rtexit$$00000002  c_p.l(rtexit2.o)
    0x00000158   0x00000158   0x00000004   Code   RO          457    .ARM.Collect$$rtexit$$00000003  c_p.l(rtexit2.o)
    0x0000015c   0x0000015c   0x00000006   Code   RO          458    .ARM.Collect$$rtexit$$00000004  c_p.l(rtexit2.o)
    0x00000162   0x00000162   0x00000002   PAD
    0x00000164   0x00000164   0x00000040   Code   RO          264  * .text               startup_mkl25z4.o
    0x000001a4   0x000001a4   0x0000015a   Code   RO          309    .text               c_p.l(aeabi_sdiv.o)
    0x000002fe   0x000002fe   0x00000006   Code   RO          313    .text               c_p.l(heapauxi.o)
    0x00000304   0x00000304   0x0000007c   Code   RO          317    .text               fz_ps.l(d2f.o)
    0x00000380   0x00000380   0x0000006c   Code   RO          324    .text               fz_ps.l(dfixi.o)
    0x000003ec   0x000003ec   0x00000014   Code   RO          375    .text               fz_ps.l(dnan2.o)
    0x00000400   0x00000400   0x00000010   Code   RO          263    .ARM.__at_0x400     startup_mkl25z4.o
    0x00000410   0x00000410   0x00000358   Code   RO          319    .text               fz_ps.l(daddsub.o)
    0x00000768   0x00000768   0x00000448   Code   RO          321    .text               fz_ps.l(ddiv.o)
    0x00000bb0   0x00000bb0   0x00000058   Code   RO          326    .text               fz_ps.l(dflti.o)
    0x00000c08   0x00000c08   0x00000248   Code   RO          328    .text               fz_ps.l(dmul.o)
    0x00000e50   0x00000e50   0x00000054   Code   RO          332    .text               fz_ps.l(f2d.o)
    0x00000ea4   0x00000ea4   0x0000005e   Code   RO          340    .text               fz_ps.l(fflti.o)
    0x00000f02   0x00000f02   0x00000002   PAD
    0x00000f04   0x00000f04   0x00000090   Code   RO          351    .text               fz_ps.l(dcmpin.o)
    0x00000f94   0x00000f94   0x00000064   Code   RO          353    .text               fz_ps.l(fcmpin.o)
    0x00000ff8   0x00000ff8   0x0000002e   Code   RO          373    .text               fz_ps.l(cmpret.o)
    0x00001026   0x00001026   0x00000002   PAD
    0x00001028   0x00001028   0x00000010   Code   RO          377    .text               fz_ps.l(fnan2.o)
    0x00001038   0x00001038   0x0000003e   Code   RO          379    .text               c_p.l(sys_stackheap_outer.o)
    0x00001076   0x00001076   0x00000010   Code   RO          382    .text               c_p.l(exit.o)
    0x00001086   0x00001086   0x0000005e   Code   RO          394    .text               fz_ps.l(retnan.o)
    0x000010e4   0x000010e4   0x00000008   Code   RO          396    .text               c_p.l(libspace.o)
    0x000010ec   0x000010ec   0x0000000c   Code   RO          453    .text               c_p.l(sys_exit.o)
    0x000010f8   0x000010f8   0x00000002   Code   RO          472    .text               c_p.l(use_no_semi.o)
    0x000010fa   0x000010fa   0x00000000   Code   RO          474    .text               c_p.l(indicate_semi.o)
    0x000010fa   0x000010fa   0x00000002   PAD
    0x000010fc   0x000010fc   0x00000104   Code   RO            3    i.PIT_IRQHandler    main.o
    0x00001200   0x00001200   0x0000000c   Code   RO          273    i.SystemInit        system_mkl25z4.o
    0x0000120c   0x0000120c   0x0000007c   Code   RO            4    i.aguardando_senha  main.o
    0x00001288   0x00001288   0x00000084   Code   RO            5    i.aguardando_usuario  main.o
    0x0000130c   0x0000130c   0x0000002c   Code   RO            6    i.atraso_1650us     main.o
    0x00001338   0x00001338   0x0000002c   Code   RO            7    i.atraso_40us_lcd   main.o
    0x00001364   0x00001364   0x00000050   Code   RO            8    i.escrever_status   main.o
    0x000013b4   0x000013b4   0x00000040   Code   RO            9    i.escrita_ao_leite  main.o
    0x000013f4   0x000013f4   0x00000038   Code   RO           10    i.escrita_comando   main.o
    0x0000142c   0x0000142c   0x00000040   Code   RO           11    i.escrita_meio_amargo  main.o
    0x0000146c   0x0000146c   0x0000001c   Code   RO           12    i.escrita_texto     main.o
    0x00001488   0x00001488   0x00000030   Code   RO           13    i.escrita_valor     main.o
    0x000014b8   0x000014b8   0x00000030   Code   RO           14    i.fim_de_producao   main.o
    0x000014e8   0x000014e8   0x0000002c   Code   RO           15    i.iniciar_producao  main.o
    0x00001514   0x00001514   0x0000013c   Code   RO           16    i.init_lcd          main.o
    0x00001650   0x00001650   0x00000054   Code   RO           17    i.init_pit          main.o
    0x000016a4   0x000016a4   0x00000204   Code   RO           18    i.init_portas       main.o
    0x000018a8   0x000018a8   0x00000054   Code   RO           19    i.init_sinais       main.o
    0x000018fc   0x000018fc   0x0000002a   Code   RO           20    i.lcd_config        main.o
    0x00001926   0x00001926   0x00000002   PAD
    0x00001928   0x00001928   0x00000058   Code   RO           23    i.ler_valor_adc     main.o
    0x00001980   0x00001980   0x0000000e   Code   RO           24    i.limpar_display    main.o
    0x0000198e   0x0000198e   0x00000002   PAD
    0x00001990   0x00001990   0x00000034   Code   RO           25    i.main              main.o
    0x000019c4   0x000019c4   0x0000000a   Code   RO           26    i.nova_linha        main.o
    0x000019ce   0x000019ce   0x00000002   PAD
    0x000019d0   0x000019d0   0x0000006c   Code   RO           27    i.parada_de_emergencia  main.o
    0x00001a3c   0x00001a3c   0x00000028   Code   RO           28    i.parar_producao    main.o
    0x00001a64   0x00001a64   0x00000098   Code   RO           29    i.processa_acao     main.o
    0x00001afc   0x00001afc   0x00000028   Code   RO           30    i.seta_esteira      main.o
    0x00001b24   0x00001b24   0x00000030   Code   RO           31    i.seta_pistao_saida  main.o
    0x00001b54   0x00001b54   0x00000084   Code   RO           32    i.seta_valor_dac    main.o
    0x00001bd8   0x00001bd8   0x00000028   Code   RO           33    i.seta_valvula      main.o
    0x00001c00   0x00001c00   0x000000f4   Code   RO           34    i.testa_debounce    main.o
    0x00001cf4   0x00001cf4   0x00000034   Code   RO           35    i.testa_senha       main.o
    0x00001d28   0x00001d28   0x00000038   Code   RO           36    i.testa_teclado     main.o
    0x00001d60   0x00001d60   0x00000034   Code   RO           37    i.testa_usuario     main.o
    0x00001d94   0x00001d94   0x00000002   Code   RO           38    i.troca_tipo_chocolate  main.o
    0x00001d96   0x00001d96   0x00000002   PAD
    0x00001d98   0x00001d98   0x00000068   Code   RO          330    x$fpl$drleqf        fz_ps.l(drlef.o)
    0x00001e00   0x00001e00   0x0000008c   Code   RO          334    x$fpl$fadd          fz_ps.l(faddsub.o)
    0x00001e8c   0x00001e8c   0x00000054   Code   RO          342    x$fpl$fleqf         fz_ps.l(flef.o)
    0x00001ee0   0x00001ee0   0x000000b0   Code   RO          344    x$fpl$fmul          fz_ps.l(fmul.o)
    0x00001f90   0x00001f90   0x000000d0   Code   RO          336    x$fpl$fsub          fz_ps.l(faddsub.o)
    0x00002060   0x00002060   0x00000000   Code   RO          355    x$fpl$usenofp       fz_ps.l(usenofp.o)
    0x00002060   0x00002060   0x00000080   Data   RO          322    .constdata          fz_ps.l(ddiv.o)
    0x000020e0   0x000020e0   0x00000020   Data   RO          524    Region$$Table       anon$$obj.o


    Execution Region ER_RW (Exec base: 0x1ffff000, Load base: 0x00002100, Size: 0x00000048, Max: 0xffffffff, ABSOLUTE)

    Exec Addr    Load Addr    Size         Type   Attr      Idx    E Section Name        Object

    0x1ffff000   0x00002100   0x00000048   Data   RW           40    .data               main.o


    Execution Region ER_ZI (Exec base: 0x1ffff048, Load base: 0x00002148, Size: 0x00000178, Max: 0xffffffff, ABSOLUTE)

    Exec Addr    Load Addr    Size         Type   Attr      Idx    E Section Name        Object

    0x1ffff048        -       0x00000014   Zero   RW           39    .bss                main.o
    0x1ffff05c        -       0x00000060   Zero   RW          397    .bss                c_p.l(libspace.o)
    0x1ffff0bc   0x00002148   0x00000004   PAD
    0x1ffff0c0        -       0x00000000   Zero   RW          261    HEAP                startup_mkl25z4.o
    0x1ffff0c0        -       0x00000100   Zero   RW          260    STACK               startup_mkl25z4.o


==============================================================================

Image component sizes


      Code (inc. data)   RO Data    RW Data    ZI Data      Debug   Object Name

      3208        560          0         72         20     242174   main.o
        80         44        192          0        256        880   startup_mkl25z4.o
        12          4          0          0          0        441   system_mkl25z4.o

    ----------------------------------------------------------------------
      3308        608        224         72        276     243495   Object Totals
         0          0         32          0          0          0   (incl. Generated)
         8          0          0          0          0          0   (incl. Padding)

    ----------------------------------------------------------------------

      Code (inc. data)   RO Data    RW Data    ZI Data      Debug   Library Member Name

         8          0          0          0          0         68   __main.o
         0          0          0          0          0          0   __rtentry.o
        12          0          0          0          0          0   __rtentry2.o
         6          0          0          0          0          0   __rtentry4.o
        60          8          0          0          0          0   __scatter.o
        26          0          0          0          0          0   __scatter_copy.o
        28          0          0          0          0          0   __scatter_zi.o
       346          0          0          0          0         92   aeabi_sdiv.o
        16          0          0          0          0         68   exit.o
         6          0          0          0          0        136   heapauxi.o
         0          0          0          0          0          0   indicate_semi.o
         2          0          0          0          0          0   libinit.o
         2          0          0          0          0          0   libinit2.o
         2          0          0          0          0          0   libshutdown.o
         2          0          0          0          0          0   libshutdown2.o
         8          4          0          0         96         68   libspace.o
         2          0          0          0          0          0   rtexit.o
        10          0          0          0          0          0   rtexit2.o
        12          4          0          0          0         60   sys_exit.o
        62          0          0          0          0         80   sys_stackheap_outer.o
         2          0          0          0          0         68   use_no_semi.o
        46          0          0          0          0         60   cmpret.o
       124          4          0          0          0         72   d2f.o
       856         20          0          0          0        208   daddsub.o
       144          4          0          0          0         76   dcmpin.o
      1096         26        128          0          0        112   ddiv.o
       108         10          0          0          0         72   dfixi.o
        88          0          0          0          0         92   dflti.o
       584         26          0          0          0         84   dmul.o
        20          6          0          0          0         68   dnan2.o
       104          4          0          0          0        104   drlef.o
        84          4          0          0          0         60   f2d.o
       348          8          0          0          0        160   faddsub.o
       100          4          0          0          0         68   fcmpin.o
        94          0          0          0          0         92   fflti.o
        84          4          0          0          0         76   flef.o
       176          4          0          0          0         80   fmul.o
        16          6          0          0          0         68   fnan2.o
        94          0          0          0          0         68   retnan.o
         0          0          0          0          0          0   usenofp.o

    ----------------------------------------------------------------------
      4788        146        128          0        100       2260   Library Totals
        10          0          0          0          4          0   (incl. Padding)

    ----------------------------------------------------------------------

      Code (inc. data)   RO Data    RW Data    ZI Data      Debug   Library Name

       612         16          0          0         96        640   c_p.l
      4166        130        128          0          0       1620   fz_ps.l

    ----------------------------------------------------------------------
      4788        146        128          0        100       2260   Library Totals

    ----------------------------------------------------------------------

==============================================================================


      Code (inc. data)   RO Data    RW Data    ZI Data      Debug   

      8096        754        352         72        376     243327   Grand Totals
      8096        754        352         72        376     243327   ELF Image Totals
      8096        754        352         72          0          0   ROM Totals

==============================================================================

    Total RO  Size (Code + RO Data)                 8448 (   8.25kB)
    Total RW  Size (RW Data + ZI Data)               448 (   0.44kB)
    Total ROM Size (Code + RO Data + RW Data)       8520 (   8.32kB)

==============================================================================

